// Jest Snapshot v1, https://goo.gl/fbAQLP

exports[`Login Snapshot 1`] = `
<View
  style={
    Object {
      "alignItems": "center",
      "flex": 1,
      "justifyContent": "center",
    }
  }
>
  <View
    accessibilityIgnoresInvertColors={true}
    style={
      Object {
        "height": "100%",
        "width": "100%",
      }
    }
  >
    <Image
      source={
        Object {
          "testUri": "../../../bg.png",
        }
      }
      style={
        Array [
          Object {
            "bottom": 0,
            "left": 0,
            "position": "absolute",
            "right": 0,
            "top": 0,
          },
          Object {
            "height": "100%",
            "width": "100%",
          },
          undefined,
        ]
      }
    />
  </View>
  <View
    style={
      Object {
        "alignItems": "center",
        "bottom": 500,
        "justifyContent": "center",
        "left": 0,
        "position": "absolute",
        "right": 0,
        "top": 0,
      }
    }
  >
    <Text
      style={
        Object {
          "color": "#D9D9D9",
          "fontFamily": "Bungee-Regular",
          "fontSize": 35,
        }
      }
    >
      LOGIN
    </Text>
  </View>
  <View
    style={
      Object {
        "alignItems": "center",
        "bottom": 250,
        "justifyContent": "center",
        "left": 0,
        "position": "absolute",
        "right": 270,
        "top": 0,
      }
    }
  >
    <Text
      style={
        Object {
          "color": "#D9D9D9",
          "fontFamily": "monospace",
          "fontSize": 20,
        }
      }
    >
      Username
    </Text>
  </View>
  <View
    style={
      Object {
        "alignItems": "center",
        "bottom": 90,
        "justifyContent": "center",
        "left": 0,
        "position": "absolute",
        "right": 0,
        "top": 0,
      }
    }
  >
    <TextInput
      keyboardType="email-address"
      onChangeText={[Function]}
      placeholder="Email"
      style={
        Object {
          "backgroundColor": "white",
          "borderColor": "gray",
          "borderRadius": 10,
          "borderWidth": 2,
          "color": "black",
          "padding": 10,
          "width": "100%",
        }
      }
      textAlign="center"
    />
  </View>
  <View
    style={
      Object {
        "alignItems": "center",
        "bottom": 0,
        "justifyContent": "center",
        "left": 0,
        "position": "absolute",
        "right": 270,
        "top": 50,
      }
    }
  >
    <Text
      style={
        Object {
          "color": "#D9D9D9",
          "fontFamily": "monospace",
          "fontSize": 20,
        }
      }
    >
      Password
    </Text>
  </View>
  <View
    style={
      Object {
        "alignItems": "center",
        "bottom": 0,
        "justifyContent": "center",
        "left": 0,
        "position": "absolute",
        "right": 0,
        "top": 200,
      }
    }
  >
    <TextInput
      keyboardType="default"
      onChangeText={[Function]}
      placeholder="Password"
      secureTextEntry={true}
      style={
        Object {
          "backgroundColor": "white",
          "borderColor": "gray",
          "borderRadius": 10,
          "borderWidth": 2,
          "color": "black",
          "padding": 10,
          "width": "100%",
        }
      }
      textAlign="center"
    />
  </View>
  <View
    style={
      Object {
        "alignItems": "center",
        "bottom": 0,
        "justifyContent": "center",
        "left": 0,
        "position": "absolute",
        "right": 200,
        "top": 450,
      }
    }
  >
    <View
      accessible={true}
      collapsable={false}
      focusable={true}
      onClick={[Function]}
      onResponderGrant={[Function]}
      onResponderMove={[Function]}
      onResponderRelease={[Function]}
      onResponderTerminate={[Function]}
      onResponderTerminationRequest={[Function]}
      onStartShouldSetResponder={[Function]}
      style={
        Object {
          "alignItems": "center",
          "backgroundColor": "#171414",
          "opacity": 1,
          "padding": 15,
        }
      }
    >
      <Text
        style={
          Object {
            "color": "#FFFFFF",
            "fontFamily": "monospace",
          }
        }
      >
        Login
      </Text>
    </View>
  </View>
  <View
    style={
      Object {
        "alignItems": "center",
        "bottom": 0,
        "justifyContent": "center",
        "left": 200,
        "position": "absolute",
        "right": 0,
        "top": 450,
      }
    }
  >
    <View
      accessible={true}
      collapsable={false}
      focusable={true}
      onClick={[Function]}
      onResponderGrant={[Function]}
      onResponderMove={[Function]}
      onResponderRelease={[Function]}
      onResponderTerminate={[Function]}
      onResponderTerminationRequest={[Function]}
      onStartShouldSetResponder={[Function]}
      style={
        Object {
          "alignItems": "center",
          "backgroundColor": "#171414",
          "opacity": 1,
          "padding": 15,
        }
      }
    >
      <Text
        style={
          Object {
            "color": "#FFFFFF",
            "fontFamily": "monospace",
          }
        }
      >
        Register
      </Text>
    </View>
  </View>
</View>
`;
